Classic Timing Analyzer report for MKDS_1_0
Thu Sep 17 14:50:17 2020
Quartus II Version 9.0 Build 235 06/17/2009 Service Pack 2 SJ Web Edition


---------------------
; Table of Contents ;
---------------------
  1. Legal Notice
  2. Timing Analyzer Summary
  3. Timing Analyzer Settings
  4. Clock Settings Summary
  5. Parallel Compilation
  6. Clock Setup: 'sys_clk'
  7. tsu
  8. tco
  9. th
 10. Timing Analyzer Messages



----------------
; Legal Notice ;
----------------
Copyright (C) 1991-2009 Altera Corporation
Your use of Altera Corporation's design tools, logic functions 
and other software and tools, and its AMPP partner logic 
functions, and any output files from any of the foregoing 
(including device programming or simulation files), and any 
associated documentation or information are expressly subject 
to the terms and conditions of the Altera Program License 
Subscription Agreement, Altera MegaCore Function License 
Agreement, or other applicable license agreement, including, 
without limitation, that your use is for the sole purpose of 
programming logic devices manufactured by Altera and sold by 
Altera or its authorized distributors.  Please refer to the 
applicable agreement for further details.



+----------------------------------------------------------------------------------------------------------------------------------------------------------------------------------------------------+
; Timing Analyzer Summary                                                                                                                                                                            ;
+------------------------------+-------+---------------+----------------------------------+---------------------------------+---------------------------------+------------+----------+--------------+
; Type                         ; Slack ; Required Time ; Actual Time                      ; From                            ; To                              ; From Clock ; To Clock ; Failed Paths ;
+------------------------------+-------+---------------+----------------------------------+---------------------------------+---------------------------------+------------+----------+--------------+
; Worst-case tsu               ; N/A   ; None          ; 11.900 ns                        ; start                           ; my_state_reg:state_reg|q_out[4] ; --         ; sys_clk  ; 0            ;
; Worst-case tco               ; N/A   ; None          ; 10.800 ns                        ; my_state_reg:state_reg|q_out[5] ; ram_ce                          ; sys_clk    ; --       ; 0            ;
; Worst-case th                ; N/A   ; None          ; -0.800 ns                        ; adr_limit                       ; my_state_reg:state_reg|q_out[3] ; --         ; sys_clk  ; 0            ;
; Clock Setup: 'sys_clk'       ; N/A   ; None          ; 76.92 MHz ( period = 13.000 ns ) ; my_state_reg:state_reg|q_out[3] ; my_state_reg:state_reg|q_out[4] ; sys_clk    ; sys_clk  ; 0            ;
; Total number of failed paths ;       ;               ;                                  ;                                 ;                                 ;            ;          ; 0            ;
+------------------------------+-------+---------------+----------------------------------+---------------------------------+---------------------------------+------------+----------+--------------+


+--------------------------------------------------------------------------------------------------------------------+
; Timing Analyzer Settings                                                                                           ;
+---------------------------------------------------------------------+--------------------+------+----+-------------+
; Option                                                              ; Setting            ; From ; To ; Entity Name ;
+---------------------------------------------------------------------+--------------------+------+----+-------------+
; Device Name                                                         ; EPF10K50SQC240-3   ;      ;    ;             ;
; Timing Models                                                       ; Final              ;      ;    ;             ;
; Default hold multicycle                                             ; Same as Multicycle ;      ;    ;             ;
; Cut paths between unrelated clock domains                           ; On                 ;      ;    ;             ;
; Cut off read during write signal paths                              ; On                 ;      ;    ;             ;
; Cut off feedback from I/O pins                                      ; On                 ;      ;    ;             ;
; Report Combined Fast/Slow Timing                                    ; Off                ;      ;    ;             ;
; Ignore Clock Settings                                               ; Off                ;      ;    ;             ;
; Analyze latches as synchronous elements                             ; On                 ;      ;    ;             ;
; Enable Recovery/Removal analysis                                    ; Off                ;      ;    ;             ;
; Enable Clock Latency                                                ; Off                ;      ;    ;             ;
; Use TimeQuest Timing Analyzer                                       ; Off                ;      ;    ;             ;
; Minimum Core Junction Temperature                                   ; 0                  ;      ;    ;             ;
; Maximum Core Junction Temperature                                   ; 85                 ;      ;    ;             ;
; Number of source nodes to report per destination node               ; 10                 ;      ;    ;             ;
; Number of destination nodes to report                               ; 10                 ;      ;    ;             ;
; Number of paths to report                                           ; 200                ;      ;    ;             ;
; Report Minimum Timing Checks                                        ; Off                ;      ;    ;             ;
; Use Fast Timing Models                                              ; Off                ;      ;    ;             ;
; Report IO Paths Separately                                          ; Off                ;      ;    ;             ;
; Perform Multicorner Analysis                                        ; Off                ;      ;    ;             ;
; Reports the worst-case path for each clock domain and analysis      ; Off                ;      ;    ;             ;
; Removes common clock path pessimism (CCPP) during slack computation ; Off                ;      ;    ;             ;
; Output I/O Timing Endpoint                                          ; Near End           ;      ;    ;             ;
+---------------------------------------------------------------------+--------------------+------+----+-------------+


+------------------------------------------------------------------------------------------------------------------------------------------------------------------------------------+
; Clock Settings Summary                                                                                                                                                             ;
+-----------------+--------------------+----------+------------------+---------------+--------------+----------+-----------------------+---------------------+--------+--------------+
; Clock Node Name ; Clock Setting Name ; Type     ; Fmax Requirement ; Early Latency ; Late Latency ; Based on ; Multiply Base Fmax by ; Divide Base Fmax by ; Offset ; Phase offset ;
+-----------------+--------------------+----------+------------------+---------------+--------------+----------+-----------------------+---------------------+--------+--------------+
; sys_clk         ;                    ; User Pin ; None             ; 0.000 ns      ; 0.000 ns     ; --       ; N/A                   ; N/A                 ; N/A    ;              ;
+-----------------+--------------------+----------+------------------+---------------+--------------+----------+-----------------------+---------------------+--------+--------------+


Parallel compilation was disabled, but you have multiple processors available. Enable parallel compilation to reduce compilation time.
+-------------------------------------+
; Parallel Compilation                ;
+----------------------------+--------+
; Processors                 ; Number ;
+----------------------------+--------+
; Number detected on machine ; 4      ;
; Maximum allowed            ; 1      ;
+----------------------------+--------+


+----------------------------------------------------------------------------------------------------------------------------------------------------------------------------------------------------------------------------------------+
; Clock Setup: 'sys_clk'                                                                                                                                                                                                                 ;
+-------+------------------------------------------------+---------------------------------+---------------------------------+------------+----------+-----------------------------+---------------------------+-------------------------+
; Slack ; Actual fmax (period)                           ; From                            ; To                              ; From Clock ; To Clock ; Required Setup Relationship ; Required Longest P2P Time ; Actual Longest P2P Time ;
+-------+------------------------------------------------+---------------------------------+---------------------------------+------------+----------+-----------------------------+---------------------------+-------------------------+
; N/A   ; 76.92 MHz ( period = 13.000 ns )               ; my_state_reg:state_reg|q_out[4] ; my_state_reg:state_reg|q_out[4] ; sys_clk    ; sys_clk  ; None                        ; None                      ; 11.600 ns               ;
; N/A   ; 76.92 MHz ( period = 13.000 ns )               ; my_state_reg:state_reg|q_out[3] ; my_state_reg:state_reg|q_out[4] ; sys_clk    ; sys_clk  ; None                        ; None                      ; 11.600 ns               ;
; N/A   ; 77.52 MHz ( period = 12.900 ns )               ; my_state_reg:state_reg|q_out[2] ; my_state_reg:state_reg|q_out[4] ; sys_clk    ; sys_clk  ; None                        ; None                      ; 11.500 ns               ;
; N/A   ; 86.96 MHz ( period = 11.500 ns )               ; my_state_reg:state_reg|q_out[0] ; my_state_reg:state_reg|q_out[4] ; sys_clk    ; sys_clk  ; None                        ; None                      ; 10.100 ns               ;
; N/A   ; 87.72 MHz ( period = 11.400 ns )               ; my_state_reg:state_reg|q_out[5] ; my_state_reg:state_reg|q_out[4] ; sys_clk    ; sys_clk  ; None                        ; None                      ; 10.000 ns               ;
; N/A   ; 87.72 MHz ( period = 11.400 ns )               ; my_state_reg:state_reg|q_out[1] ; my_state_reg:state_reg|q_out[4] ; sys_clk    ; sys_clk  ; None                        ; None                      ; 10.000 ns               ;
; N/A   ; 107.53 MHz ( period = 9.300 ns )               ; my_state_reg:state_reg|q_out[4] ; my_state_reg:state_reg|q_out[3] ; sys_clk    ; sys_clk  ; None                        ; None                      ; 7.900 ns                ;
; N/A   ; 107.53 MHz ( period = 9.300 ns )               ; my_state_reg:state_reg|q_out[3] ; my_state_reg:state_reg|q_out[3] ; sys_clk    ; sys_clk  ; None                        ; None                      ; 7.900 ns                ;
; N/A   ; 108.70 MHz ( period = 9.200 ns )               ; my_state_reg:state_reg|q_out[2] ; my_state_reg:state_reg|q_out[3] ; sys_clk    ; sys_clk  ; None                        ; None                      ; 7.800 ns                ;
; N/A   ; 128.21 MHz ( period = 7.800 ns )               ; my_state_reg:state_reg|q_out[0] ; my_state_reg:state_reg|q_out[3] ; sys_clk    ; sys_clk  ; None                        ; None                      ; 6.400 ns                ;
; N/A   ; 128.21 MHz ( period = 7.800 ns )               ; my_state_reg:state_reg|q_out[3] ; my_state_reg:state_reg|q_out[2] ; sys_clk    ; sys_clk  ; None                        ; None                      ; 6.400 ns                ;
; N/A   ; 129.87 MHz ( period = 7.700 ns )               ; my_state_reg:state_reg|q_out[5] ; my_state_reg:state_reg|q_out[3] ; sys_clk    ; sys_clk  ; None                        ; None                      ; 6.300 ns                ;
; N/A   ; 129.87 MHz ( period = 7.700 ns )               ; my_state_reg:state_reg|q_out[1] ; my_state_reg:state_reg|q_out[3] ; sys_clk    ; sys_clk  ; None                        ; None                      ; 6.300 ns                ;
; N/A   ; 129.87 MHz ( period = 7.700 ns )               ; my_state_reg:state_reg|q_out[4] ; my_state_reg:state_reg|q_out[2] ; sys_clk    ; sys_clk  ; None                        ; None                      ; 6.300 ns                ;
; N/A   ; 129.87 MHz ( period = 7.700 ns )               ; my_state_reg:state_reg|q_out[2] ; my_state_reg:state_reg|q_out[2] ; sys_clk    ; sys_clk  ; None                        ; None                      ; 6.300 ns                ;
; N/A   ; 147.06 MHz ( period = 6.800 ns )               ; my_state_reg:state_reg|q_out[3] ; my_state_reg:state_reg|q_out[0] ; sys_clk    ; sys_clk  ; None                        ; None                      ; 5.400 ns                ;
; N/A   ; 149.25 MHz ( period = 6.700 ns )               ; my_state_reg:state_reg|q_out[4] ; my_state_reg:state_reg|q_out[0] ; sys_clk    ; sys_clk  ; None                        ; None                      ; 5.300 ns                ;
; N/A   ; 149.25 MHz ( period = 6.700 ns )               ; my_state_reg:state_reg|q_out[2] ; my_state_reg:state_reg|q_out[0] ; sys_clk    ; sys_clk  ; None                        ; None                      ; 5.300 ns                ;
; N/A   ; 163.93 MHz ( period = 6.100 ns )               ; my_state_reg:state_reg|q_out[1] ; my_state_reg:state_reg|q_out[2] ; sys_clk    ; sys_clk  ; None                        ; None                      ; 4.700 ns                ;
; N/A   ; Restricted to 166.67 MHz ( period = 6.000 ns ) ; my_state_reg:state_reg|q_out[3] ; my_state_reg:state_reg|q_out[5] ; sys_clk    ; sys_clk  ; None                        ; None                      ; 3.900 ns                ;
; N/A   ; Restricted to 166.67 MHz ( period = 6.000 ns ) ; my_state_reg:state_reg|q_out[0] ; my_state_reg:state_reg|q_out[2] ; sys_clk    ; sys_clk  ; None                        ; None                      ; 3.900 ns                ;
; N/A   ; Restricted to 166.67 MHz ( period = 6.000 ns ) ; my_state_reg:state_reg|q_out[3] ; my_state_reg:state_reg|q_out[1] ; sys_clk    ; sys_clk  ; None                        ; None                      ; 3.900 ns                ;
; N/A   ; Restricted to 166.67 MHz ( period = 6.000 ns ) ; my_state_reg:state_reg|q_out[4] ; my_state_reg:state_reg|q_out[5] ; sys_clk    ; sys_clk  ; None                        ; None                      ; 3.800 ns                ;
; N/A   ; Restricted to 166.67 MHz ( period = 6.000 ns ) ; my_state_reg:state_reg|q_out[2] ; my_state_reg:state_reg|q_out[5] ; sys_clk    ; sys_clk  ; None                        ; None                      ; 3.800 ns                ;
; N/A   ; Restricted to 166.67 MHz ( period = 6.000 ns ) ; my_state_reg:state_reg|q_out[4] ; my_state_reg:state_reg|q_out[1] ; sys_clk    ; sys_clk  ; None                        ; None                      ; 3.800 ns                ;
; N/A   ; Restricted to 166.67 MHz ( period = 6.000 ns ) ; my_state_reg:state_reg|q_out[0] ; my_state_reg:state_reg|q_out[1] ; sys_clk    ; sys_clk  ; None                        ; None                      ; 3.800 ns                ;
; N/A   ; Restricted to 166.67 MHz ( period = 6.000 ns ) ; my_state_reg:state_reg|q_out[1] ; my_state_reg:state_reg|q_out[5] ; sys_clk    ; sys_clk  ; None                        ; None                      ; 3.700 ns                ;
; N/A   ; Restricted to 166.67 MHz ( period = 6.000 ns ) ; my_state_reg:state_reg|q_out[1] ; my_state_reg:state_reg|q_out[0] ; sys_clk    ; sys_clk  ; None                        ; None                      ; 3.700 ns                ;
; N/A   ; Restricted to 166.67 MHz ( period = 6.000 ns ) ; my_state_reg:state_reg|q_out[5] ; my_state_reg:state_reg|q_out[1] ; sys_clk    ; sys_clk  ; None                        ; None                      ; 3.700 ns                ;
; N/A   ; Restricted to 166.67 MHz ( period = 6.000 ns ) ; my_state_reg:state_reg|q_out[5] ; my_state_reg:state_reg|q_out[5] ; sys_clk    ; sys_clk  ; None                        ; None                      ; 2.800 ns                ;
; N/A   ; Restricted to 166.67 MHz ( period = 6.000 ns ) ; my_state_reg:state_reg|q_out[2] ; my_state_reg:state_reg|q_out[1] ; sys_clk    ; sys_clk  ; None                        ; None                      ; 2.800 ns                ;
; N/A   ; Restricted to 166.67 MHz ( period = 6.000 ns ) ; my_state_reg:state_reg|q_out[0] ; my_state_reg:state_reg|q_out[5] ; sys_clk    ; sys_clk  ; None                        ; None                      ; 2.700 ns                ;
; N/A   ; Restricted to 166.67 MHz ( period = 6.000 ns ) ; my_state_reg:state_reg|q_out[1] ; my_state_reg:state_reg|q_out[1] ; sys_clk    ; sys_clk  ; None                        ; None                      ; 2.700 ns                ;
; N/A   ; Restricted to 166.67 MHz ( period = 6.000 ns ) ; my_state_reg:state_reg|q_out[5] ; my_state_reg:state_reg|q_out[2] ; sys_clk    ; sys_clk  ; None                        ; None                      ; 2.000 ns                ;
; N/A   ; Restricted to 166.67 MHz ( period = 6.000 ns ) ; my_state_reg:state_reg|q_out[5] ; my_state_reg:state_reg|q_out[0] ; sys_clk    ; sys_clk  ; None                        ; None                      ; 1.200 ns                ;
; N/A   ; Restricted to 166.67 MHz ( period = 6.000 ns ) ; my_state_reg:state_reg|q_out[0] ; my_state_reg:state_reg|q_out[0] ; sys_clk    ; sys_clk  ; None                        ; None                      ; 1.200 ns                ;
+-------+------------------------------------------------+---------------------------------+---------------------------------+------------+----------+-----------------------------+---------------------------+-------------------------+


+--------------------------------------------------------------------------------------------+
; tsu                                                                                        ;
+-------+--------------+------------+-----------+---------------------------------+----------+
; Slack ; Required tsu ; Actual tsu ; From      ; To                              ; To Clock ;
+-------+--------------+------------+-----------+---------------------------------+----------+
; N/A   ; None         ; 11.900 ns  ; start     ; my_state_reg:state_reg|q_out[4] ; sys_clk  ;
; N/A   ; None         ; 9.500 ns   ; wr_rd     ; my_state_reg:state_reg|q_out[4] ; sys_clk  ;
; N/A   ; None         ; 8.400 ns   ; adr_limit ; my_state_reg:state_reg|q_out[4] ; sys_clk  ;
; N/A   ; None         ; 7.200 ns   ; start     ; my_state_reg:state_reg|q_out[2] ; sys_clk  ;
; N/A   ; None         ; 6.200 ns   ; start     ; my_state_reg:state_reg|q_out[0] ; sys_clk  ;
; N/A   ; None         ; 4.800 ns   ; wr_rd     ; my_state_reg:state_reg|q_out[3] ; sys_clk  ;
; N/A   ; None         ; 4.800 ns   ; wr_rd     ; my_state_reg:state_reg|q_out[2] ; sys_clk  ;
; N/A   ; None         ; 4.800 ns   ; wr_rd     ; my_state_reg:state_reg|q_out[1] ; sys_clk  ;
; N/A   ; None         ; 4.700 ns   ; start     ; my_state_reg:state_reg|q_out[5] ; sys_clk  ;
; N/A   ; None         ; 4.700 ns   ; start     ; my_state_reg:state_reg|q_out[3] ; sys_clk  ;
; N/A   ; None         ; 4.700 ns   ; start     ; my_state_reg:state_reg|q_out[1] ; sys_clk  ;
; N/A   ; None         ; 4.600 ns   ; adr_limit ; my_state_reg:state_reg|q_out[3] ; sys_clk  ;
; N/A   ; None         ; 3.900 ns   ; wr_rd     ; my_state_reg:state_reg|q_out[5] ; sys_clk  ;
; N/A   ; None         ; 3.800 ns   ; wr_rd     ; my_state_reg:state_reg|q_out[0] ; sys_clk  ;
+-------+--------------+------------+-----------+---------------------------------+----------+


+------------------------------------------------------------------------------------------------+
; tco                                                                                            ;
+-------+--------------+------------+---------------------------------+-------------+------------+
; Slack ; Required tco ; Actual tco ; From                            ; To          ; From Clock ;
+-------+--------------+------------+---------------------------------+-------------+------------+
; N/A   ; None         ; 10.800 ns  ; my_state_reg:state_reg|q_out[2] ; wr_err_reg  ; sys_clk    ;
; N/A   ; None         ; 10.800 ns  ; my_state_reg:state_reg|q_out[5] ; ram_ce      ; sys_clk    ;
; N/A   ; None         ; 9.900 ns   ; my_state_reg:state_reg|q_out[3] ; inc_ram_adr ; sys_clk    ;
; N/A   ; None         ; 9.900 ns   ; my_state_reg:state_reg|q_out[4] ; done        ; sys_clk    ;
+-------+--------------+------------+---------------------------------+-------------+------------+


+--------------------------------------------------------------------------------------------------+
; th                                                                                               ;
+---------------+-------------+-----------+-----------+---------------------------------+----------+
; Minimum Slack ; Required th ; Actual th ; From      ; To                              ; To Clock ;
+---------------+-------------+-----------+-----------+---------------------------------+----------+
; N/A           ; None        ; -0.800 ns ; adr_limit ; my_state_reg:state_reg|q_out[3] ; sys_clk  ;
; N/A           ; None        ; -2.300 ns ; wr_rd     ; my_state_reg:state_reg|q_out[0] ; sys_clk  ;
; N/A           ; None        ; -2.300 ns ; start     ; my_state_reg:state_reg|q_out[3] ; sys_clk  ;
; N/A           ; None        ; -2.400 ns ; wr_rd     ; my_state_reg:state_reg|q_out[5] ; sys_clk  ;
; N/A           ; None        ; -3.200 ns ; start     ; my_state_reg:state_reg|q_out[5] ; sys_clk  ;
; N/A           ; None        ; -3.200 ns ; start     ; my_state_reg:state_reg|q_out[4] ; sys_clk  ;
; N/A           ; None        ; -3.200 ns ; start     ; my_state_reg:state_reg|q_out[1] ; sys_clk  ;
; N/A           ; None        ; -3.300 ns ; wr_rd     ; my_state_reg:state_reg|q_out[3] ; sys_clk  ;
; N/A           ; None        ; -3.300 ns ; wr_rd     ; my_state_reg:state_reg|q_out[2] ; sys_clk  ;
; N/A           ; None        ; -3.300 ns ; wr_rd     ; my_state_reg:state_reg|q_out[1] ; sys_clk  ;
; N/A           ; None        ; -3.300 ns ; adr_limit ; my_state_reg:state_reg|q_out[4] ; sys_clk  ;
; N/A           ; None        ; -4.700 ns ; start     ; my_state_reg:state_reg|q_out[0] ; sys_clk  ;
; N/A           ; None        ; -5.700 ns ; start     ; my_state_reg:state_reg|q_out[2] ; sys_clk  ;
; N/A           ; None        ; -5.800 ns ; wr_rd     ; my_state_reg:state_reg|q_out[4] ; sys_clk  ;
+---------------+-------------+-----------+-----------+---------------------------------+----------+


+--------------------------+
; Timing Analyzer Messages ;
+--------------------------+
Info: *******************************************************************
Info: Running Quartus II Classic Timing Analyzer
    Info: Version 9.0 Build 235 06/17/2009 Service Pack 2 SJ Web Edition
    Info: Processing started: Thu Sep 17 14:50:17 2020
Info: Command: quartus_tan --read_settings_files=off --write_settings_files=off MKDS_1_0 -c MKDS_1_0
Info: Started post-fitting delay annotation
Info: Delay annotation completed successfully
Warning: Found pins functioning as undefined clocks and/or memory enables
    Info: Assuming node "sys_clk" is an undefined clock
Info: Clock "sys_clk" has Internal fmax of 76.92 MHz between source register "my_state_reg:state_reg|q_out[4]" and destination register "my_state_reg:state_reg|q_out[4]" (period= 13.0 ns)
    Info: + Longest register to register delay is 11.600 ns
        Info: 1: + IC(0.000 ns) + CELL(0.000 ns) = 0.000 ns; Loc. = LC5_B2; Fanout = 4; REG Node = 'my_state_reg:state_reg|q_out[4]'
        Info: 2: + IC(0.200 ns) + CELL(1.500 ns) = 1.700 ns; Loc. = LC3_B2; Fanout = 1; COMB Node = 'my_control_logic:control_logic|Equal0~0'
        Info: 3: + IC(1.100 ns) + CELL(1.400 ns) = 4.200 ns; Loc. = LC5_B1; Fanout = 4; COMB Node = 'my_control_logic:control_logic|Equal0~1'
        Info: 4: + IC(0.200 ns) + CELL(1.000 ns) = 5.400 ns; Loc. = LC6_B1; Fanout = 1; COMB Node = 'my_control_logic:control_logic|y[4]~168'
        Info: 5: + IC(0.000 ns) + CELL(1.000 ns) = 6.400 ns; Loc. = LC7_B1; Fanout = 1; COMB Node = 'my_control_logic:control_logic|y[4]~170'
        Info: 6: + IC(0.000 ns) + CELL(1.500 ns) = 7.900 ns; Loc. = LC8_B1; Fanout = 1; COMB Node = 'my_control_logic:control_logic|y[4]~148'
        Info: 7: + IC(0.200 ns) + CELL(1.500 ns) = 9.600 ns; Loc. = LC4_B1; Fanout = 1; COMB Node = 'my_control_logic:control_logic|y[4]~145'
        Info: 8: + IC(1.100 ns) + CELL(0.900 ns) = 11.600 ns; Loc. = LC5_B2; Fanout = 4; REG Node = 'my_state_reg:state_reg|q_out[4]'
        Info: Total cell delay = 8.800 ns ( 75.86 % )
        Info: Total interconnect delay = 2.800 ns ( 24.14 % )
    Info: - Smallest clock skew is 0.000 ns
        Info: + Shortest clock path from clock "sys_clk" to destination register is 3.500 ns
            Info: 1: + IC(0.000 ns) + CELL(2.200 ns) = 2.200 ns; Loc. = PIN_91; Fanout = 6; CLK Node = 'sys_clk'
            Info: 2: + IC(1.300 ns) + CELL(0.000 ns) = 3.500 ns; Loc. = LC5_B2; Fanout = 4; REG Node = 'my_state_reg:state_reg|q_out[4]'
            Info: Total cell delay = 2.200 ns ( 62.86 % )
            Info: Total interconnect delay = 1.300 ns ( 37.14 % )
        Info: - Longest clock path from clock "sys_clk" to source register is 3.500 ns
            Info: 1: + IC(0.000 ns) + CELL(2.200 ns) = 2.200 ns; Loc. = PIN_91; Fanout = 6; CLK Node = 'sys_clk'
            Info: 2: + IC(1.300 ns) + CELL(0.000 ns) = 3.500 ns; Loc. = LC5_B2; Fanout = 4; REG Node = 'my_state_reg:state_reg|q_out[4]'
            Info: Total cell delay = 2.200 ns ( 62.86 % )
            Info: Total interconnect delay = 1.300 ns ( 37.14 % )
    Info: + Micro clock to output delay of source is 0.700 ns
    Info: + Micro setup delay of destination is 0.700 ns
Info: tsu for register "my_state_reg:state_reg|q_out[4]" (data pin = "start", clock pin = "sys_clk") is 11.900 ns
    Info: + Longest pin to register delay is 14.700 ns
        Info: 1: + IC(0.000 ns) + CELL(2.200 ns) = 2.200 ns; Loc. = PIN_92; Fanout = 4; PIN Node = 'start'
        Info: 2: + IC(1.800 ns) + CELL(1.400 ns) = 5.400 ns; Loc. = LC7_B2; Fanout = 5; COMB Node = 'my_control_logic:control_logic|Equal8~0'
        Info: 3: + IC(1.100 ns) + CELL(1.500 ns) = 8.000 ns; Loc. = LC1_B3; Fanout = 2; COMB Node = 'my_control_logic:control_logic|Equal8~1'
        Info: 4: + IC(1.100 ns) + CELL(1.100 ns) = 10.200 ns; Loc. = LC2_B1; Fanout = 1; COMB Node = 'my_control_logic:control_logic|y[4]~163'
        Info: 5: + IC(0.000 ns) + CELL(1.000 ns) = 11.200 ns; Loc. = LC3_B1; Fanout = 1; COMB Node = 'my_control_logic:control_logic|y[4]~165'
        Info: 6: + IC(0.000 ns) + CELL(1.500 ns) = 12.700 ns; Loc. = LC4_B1; Fanout = 1; COMB Node = 'my_control_logic:control_logic|y[4]~145'
        Info: 7: + IC(1.100 ns) + CELL(0.900 ns) = 14.700 ns; Loc. = LC5_B2; Fanout = 4; REG Node = 'my_state_reg:state_reg|q_out[4]'
        Info: Total cell delay = 9.600 ns ( 65.31 % )
        Info: Total interconnect delay = 5.100 ns ( 34.69 % )
    Info: + Micro setup delay of destination is 0.700 ns
    Info: - Shortest clock path from clock "sys_clk" to destination register is 3.500 ns
        Info: 1: + IC(0.000 ns) + CELL(2.200 ns) = 2.200 ns; Loc. = PIN_91; Fanout = 6; CLK Node = 'sys_clk'
        Info: 2: + IC(1.300 ns) + CELL(0.000 ns) = 3.500 ns; Loc. = LC5_B2; Fanout = 4; REG Node = 'my_state_reg:state_reg|q_out[4]'
        Info: Total cell delay = 2.200 ns ( 62.86 % )
        Info: Total interconnect delay = 1.300 ns ( 37.14 % )
Info: tco from clock "sys_clk" to destination pin "wr_err_reg" through register "my_state_reg:state_reg|q_out[2]" is 10.800 ns
    Info: + Longest clock path from clock "sys_clk" to source register is 3.500 ns
        Info: 1: + IC(0.000 ns) + CELL(2.200 ns) = 2.200 ns; Loc. = PIN_91; Fanout = 6; CLK Node = 'sys_clk'
        Info: 2: + IC(1.300 ns) + CELL(0.000 ns) = 3.500 ns; Loc. = LC6_B2; Fanout = 4; REG Node = 'my_state_reg:state_reg|q_out[2]'
        Info: Total cell delay = 2.200 ns ( 62.86 % )
        Info: Total interconnect delay = 1.300 ns ( 37.14 % )
    Info: + Micro clock to output delay of source is 0.700 ns
    Info: + Longest register to pin delay is 6.600 ns
        Info: 1: + IC(0.000 ns) + CELL(0.000 ns) = 0.000 ns; Loc. = LC6_B2; Fanout = 4; REG Node = 'my_state_reg:state_reg|q_out[2]'
        Info: 2: + IC(2.000 ns) + CELL(4.600 ns) = 6.600 ns; Loc. = PIN_14; Fanout = 0; PIN Node = 'wr_err_reg'
        Info: Total cell delay = 4.600 ns ( 69.70 % )
        Info: Total interconnect delay = 2.000 ns ( 30.30 % )
Info: th for register "my_state_reg:state_reg|q_out[3]" (data pin = "adr_limit", clock pin = "sys_clk") is -0.800 ns
    Info: + Longest clock path from clock "sys_clk" to destination register is 3.500 ns
        Info: 1: + IC(0.000 ns) + CELL(2.200 ns) = 2.200 ns; Loc. = PIN_91; Fanout = 6; CLK Node = 'sys_clk'
        Info: 2: + IC(1.300 ns) + CELL(0.000 ns) = 3.500 ns; Loc. = LC4_B2; Fanout = 4; REG Node = 'my_state_reg:state_reg|q_out[3]'
        Info: Total cell delay = 2.200 ns ( 62.86 % )
        Info: Total interconnect delay = 1.300 ns ( 37.14 % )
    Info: + Micro hold delay of destination is 0.800 ns
    Info: - Shortest pin to register delay is 5.100 ns
        Info: 1: + IC(0.000 ns) + CELL(2.200 ns) = 2.200 ns; Loc. = PIN_90; Fanout = 8; PIN Node = 'adr_limit'
        Info: 2: + IC(1.800 ns) + CELL(1.100 ns) = 5.100 ns; Loc. = LC4_B2; Fanout = 4; REG Node = 'my_state_reg:state_reg|q_out[3]'
        Info: Total cell delay = 3.300 ns ( 64.71 % )
        Info: Total interconnect delay = 1.800 ns ( 35.29 % )
Info: Quartus II Classic Timing Analyzer was successful. 0 errors, 1 warning
    Info: Peak virtual memory: 199 megabytes
    Info: Processing ended: Thu Sep 17 14:50:17 2020
    Info: Elapsed time: 00:00:00
    Info: Total CPU time (on all processors): 00:00:00


